// Jest Snapshot v1, https://goo.gl/fbAQLP

exports[`<Item/> renders and matches the snapshot 1`] = `
<ItemStyles__Item>
  <img
    alt="Fake Item"
    src="fakeitem.jpg"
  />
  <Title>
    <Link
      href={
        Object {
          "pathname": "./item",
          "query": Object {
            "id": "ABC123",
          },
        }
      }
    >
      <a>
        Fake Item
      </a>
    </Link>
  </Title>
  <PriceTag>
    $87
  </PriceTag>
  <p>
    This is a test item.
  </p>
  <div
    className="buttonList"
  >
    <Link
      href={
        Object {
          "pathname": "update",
          "query": Object {
            "id": "ABC123",
          },
        }
      }
    >
      <a>
        Edit ✏️
      </a>
    </Link>
    <AddToCart
      id="ABC123"
    />
    <DeleteItem
      id="ABC123"
    >
      Delete This Item
    </DeleteItem>
  </div>
</ItemStyles__Item>
`;
