// Jest Snapshot v1, https://goo.gl/fbAQLP

exports[`<RemoveFromCart /> renders and matches snapshot 1`] = `
<button
  className="BigButton-uup3dx-0 hBdnLj"
  disabled={false}
  onClick={[Function]}
  title="Delete Item"
>
  Ã—
</button>
`;
